c:\users\shtar001\freertos\freertos\demo\win32-msvc\win32\debug\vc143.pdb
c:\users\shtar001\freertos\freertos\demo\win32-msvc\win32\debug\vc143.idb
c:\users\shtar001\freertos\freertos\demo\win32-msvc\win32\debug\pollq.obj
c:\users\shtar001\freertos\freertos\demo\win32-msvc\win32\debug\messagebufferamp.obj
c:\users\shtar001\freertos\freertos\demo\win32-msvc\win32\debug\intsemtest.obj
c:\users\shtar001\freertos\freertos\demo\win32-msvc\win32\debug\integer.obj
c:\users\shtar001\freertos\freertos\demo\win32-msvc\win32\debug\genqtest.obj
c:\users\shtar001\freertos\freertos\demo\win32-msvc\win32\debug\flop.obj
c:\users\shtar001\freertos\freertos\demo\win32-msvc\win32\debug\eventgroupsdemo.obj
c:\users\shtar001\freertos\freertos\demo\win32-msvc\win32\debug\dynamic.obj
c:\users\shtar001\freertos\freertos\demo\win32-msvc\win32\debug\death.obj
c:\users\shtar001\freertos\freertos\demo\win32-msvc\win32\debug\countsem.obj
c:\users\shtar001\freertos\freertos\demo\win32-msvc\win32\debug\blocktim.obj
c:\users\shtar001\freertos\freertos\demo\win32-msvc\win32\debug\blockq.obj
c:\users\shtar001\freertos\freertos\demo\win32-msvc\win32\debug\abortdelay.obj
c:\users\shtar001\freertos\freertos\demo\win32-msvc\win32\debug\timers.obj
c:\users\shtar001\freertos\freertos\demo\win32-msvc\win32\debug\stream_buffer.obj
c:\users\shtar001\freertos\freertos\demo\win32-msvc\win32\debug\heap_5.obj
c:\users\shtar001\freertos\freertos\demo\win32-msvc\win32\debug\event_groups.obj
c:\users\shtar001\freertos\freertos\demo\win32-msvc\win32\debug\croutine.obj
c:\users\shtar001\freertos\freertos\demo\win32-msvc\win32\debug\trcsnapshotrecorder.obj
c:\users\shtar001\freertos\freertos\demo\win32-msvc\win32\debug\trckernelport.obj
c:\users\shtar001\freertos\freertos\demo\win32-msvc\win32\debug\main_full.obj
c:\users\shtar001\freertos\freertos\demo\win32-msvc\win32\debug\main_blinky.obj
c:\users\shtar001\freertos\freertos\demo\win32-msvc\win32\debug\tasks.obj
c:\users\shtar001\freertos\freertos\demo\win32-msvc\win32\debug\queue.obj
c:\users\shtar001\freertos\freertos\demo\win32-msvc\win32\debug\port.obj
c:\users\shtar001\freertos\freertos\demo\win32-msvc\win32\debug\list.obj
c:\users\shtar001\freertos\freertos\demo\win32-msvc\win32\debug\main.obj
c:\users\shtar001\freertos\freertos\demo\win32-msvc\win32\debug\timerdemo.obj
c:\users\shtar001\freertos\freertos\demo\win32-msvc\win32\debug\tasknotifyarray.obj
c:\users\shtar001\freertos\freertos\demo\win32-msvc\win32\debug\tasknotify.obj
c:\users\shtar001\freertos\freertos\demo\win32-msvc\win32\debug\streambufferinterrupt.obj
c:\users\shtar001\freertos\freertos\demo\win32-msvc\win32\debug\streambufferdemo.obj
c:\users\shtar001\freertos\freertos\demo\win32-msvc\win32\debug\messagebufferdemo.obj
c:\users\shtar001\freertos\freertos\demo\win32-msvc\win32\debug\staticallocation.obj
c:\users\shtar001\freertos\freertos\demo\win32-msvc\win32\debug\semtest.obj
c:\users\shtar001\freertos\freertos\demo\win32-msvc\win32\debug\recmutex.obj
c:\users\shtar001\freertos\freertos\demo\win32-msvc\win32\debug\queuesetpolling.obj
c:\users\shtar001\freertos\freertos\demo\win32-msvc\win32\debug\queueset.obj
c:\users\shtar001\freertos\freertos\demo\win32-msvc\win32\debug\queueoverwrite.obj
c:\users\shtar001\freertos\freertos\demo\win32-msvc\win32\debug\qpeek.obj
c:\users\shtar001\freertos\freertos\demo\win32-msvc\win32\debug\statemachine_devb.obj
c:\users\shtar001\freertos\freertos\demo\win32-msvc\win32\debug\statemachine_deva.obj
c:\users\shtar001\freertos\freertos\demo\win32-msvc\win32\debug\run-time-stats-utils.obj
c:\users\shtar001\freertos\freertos\demo\win32-msvc\win32\debug\rtosdemo.exe
c:\users\shtar001\freertos\freertos\demo\win32-msvc\win32\debug\rtosdemo.pdb
c:\users\shtar001\freertos\freertos\demo\win32-msvc\win32\debug\rtosdemo.ilk
c:\users\shtar001\freertos\freertos\demo\win32-msvc\win32\debug\rtosdemo.tlog\cl.command.1.tlog
c:\users\shtar001\freertos\freertos\demo\win32-msvc\win32\debug\rtosdemo.tlog\cl.items.tlog
c:\users\shtar001\freertos\freertos\demo\win32-msvc\win32\debug\rtosdemo.tlog\cl.read.1.tlog
c:\users\shtar001\freertos\freertos\demo\win32-msvc\win32\debug\rtosdemo.tlog\cl.write.1.tlog
c:\users\shtar001\freertos\freertos\demo\win32-msvc\win32\debug\rtosdemo.tlog\link.command.1.tlog
c:\users\shtar001\freertos\freertos\demo\win32-msvc\win32\debug\rtosdemo.tlog\link.read.1.tlog
c:\users\shtar001\freertos\freertos\demo\win32-msvc\win32\debug\rtosdemo.tlog\link.secondary.1.tlog
c:\users\shtar001\freertos\freertos\demo\win32-msvc\win32\debug\rtosdemo.tlog\link.write.1.tlog
